Game.obj : error LNK2019: unresolved external symbol "__declspec(dllimport) public: void __thiscall sf::Transformable::setPosition(class sf::Vector2<float>)" (__imp_?setPosition@Transformable@sf@@QAEXV?$Vector2@M@2@@Z) referenced in function "private: void __thiscall Game::processMousePress(struct sf::Event::MouseButtonPressed)" (?processMousePress@Game@@AAEXUMouseButtonPressed@Event@sf@@@Z)
Game.obj : error LNK2019: unresolved external symbol "__declspec(dllimport) public: void __thiscall sf::Transformable::move(class sf::Vector2<float>)" (__imp_?move@Transformable@sf@@QAEXV?$Vector2@M@2@@Z) referenced in function "private: void __thiscall Game::checkMouseState(void)" (?checkMouseState@Game@@AAEXXZ)
Game.obj : error LNK2019: unresolved external symbol "__declspec(dllimport) public: __thiscall sf::Texture::Texture(void)" (__imp_??0Texture@sf@@QAE@XZ) referenced in function "public: __thiscall Game::Game(void)" (??0Game@@QAE@XZ)
Game.obj : error LNK2019: unresolved external symbol "__declspec(dllimport) public: __thiscall sf::Texture::~Texture(void)" (__imp_??1Texture@sf@@QAE@XZ) referenced in function __unwindfunclet$??0Game@@QAE@XZ$7
Game.obj : error LNK2019: unresolved external symbol "__declspec(dllimport) public: bool __thiscall sf::Texture::loadFromFile(class std::filesystem::path const &,bool,class sf::Rect<int> const &)" (__imp_?loadFromFile@Texture@sf@@QAE_NABVpath@filesystem@std@@_NABV?$Rect@H@2@@Z) referenced in function "private: void __thiscall Game::setupSprites(void)" (?setupSprites@Game@@AAEXXZ)
Game.obj : error LNK2019: unresolved external symbol "__declspec(dllimport) public: __thiscall sf::Font::Font(void)" (__imp_??0Font@sf@@QAE@XZ) referenced in function "public: __thiscall Game::Game(void)" (??0Game@@QAE@XZ)
Game.obj : error LNK2019: unresolved external symbol "__declspec(dllimport) public: bool __thiscall sf::Font::openFromFile(class std::filesystem::path const &)" (__imp_?openFromFile@Font@sf@@QAE_NABVpath@filesystem@std@@@Z) referenced in function "private: void __thiscall Game::setupTexts(void)" (?setupTexts@Game@@AAEXXZ)
Game.obj : error LNK2019: unresolved external symbol "__declspec(dllimport) public: __thiscall sf::Font::~Font(void)" (__imp_??1Font@sf@@QAE@XZ) referenced in function __unwindfunclet$??0Game@@QAE@XZ$3
Game.obj : error LNK2019: unresolved external symbol "__declspec(dllimport) public: void __thiscall sf::RenderTarget::clear(class sf::Color)" (__imp_?clear@RenderTarget@sf@@QAEXVColor@2@@Z) referenced in function "private: void __thiscall Game::render(void)" (?render@Game@@AAEXXZ)
Game.obj : error LNK2019: unresolved external symbol "__declspec(dllimport) public: void __thiscall sf::RenderTarget::draw(class sf::Drawable const &,struct sf::RenderStates const &)" (__imp_?draw@RenderTarget@sf@@QAEXABVDrawable@2@ABURenderStates@2@@Z) referenced in function "private: void __thiscall Game::render(void)" (?render@Game@@AAEXXZ)
Game.obj : error LNK2019: unresolved external symbol "__declspec(dllimport) public: __thiscall sf::VideoMode::VideoMode(class sf::Vector2<unsigned int>,unsigned int)" (__imp_??0VideoMode@sf@@QAE@V?$Vector2@I@1@I@Z) referenced in function "public: __thiscall Game::Game(void)" (??0Game@@QAE@XZ)
Game.obj : error LNK2019: unresolved external symbol "__declspec(dllimport) public: bool __thiscall sf::WindowBase::isOpen(void)const " (__imp_?isOpen@WindowBase@sf@@QBE_NXZ) referenced in function "public: void __thiscall Game::run(void)" (?run@Game@@QAEXXZ)
Game.obj : error LNK2019: unresolved external symbol "__declspec(dllimport) public: class std::optional<class sf::Event> __thiscall sf::WindowBase::pollEvent(void)" (__imp_?pollEvent@WindowBase@sf@@QAE?AV?$optional@VEvent@sf@@@std@@XZ) referenced in function "private: void __thiscall Game::processEvents(void)" (?processEvents@Game@@AAEXXZ)
Game.obj : error LNK2019: unresolved external symbol "__declspec(dllimport) public: __thiscall sf::String::String(char const *,class std::locale const &)" (__imp_??0String@sf@@QAE@PBDABVlocale@std@@@Z) referenced in function "public: __thiscall Game::Game(void)" (??0Game@@QAE@XZ)
Game.obj : error LNK2019: unresolved external symbol "__declspec(dllimport) public: __thiscall sf::String::~String(void)" (__imp_??1String@sf@@QAE@XZ) referenced in function "public: __thiscall Game::Game(void)" (??0Game@@QAE@XZ)
Game.obj : error LNK2019: unresolved external symbol "__declspec(dllimport) bool __cdecl sf::Keyboard::isKeyPressed(enum sf::Keyboard::Key)" (__imp_?isKeyPressed@Keyboard@sf@@YA_NW4Key@12@@Z) referenced in function "private: void __thiscall Game::checkKeyboardState(void)" (?checkKeyboardState@Game@@AAEXXZ)
Game.obj : error LNK2019: unresolved external symbol "__declspec(dllimport) class sf::Vector2<int> __cdecl sf::Mouse::getPosition(class sf::WindowBase const &)" (__imp_?getPosition@Mouse@sf@@YA?AV?$Vector2@H@2@ABVWindowBase@2@@Z) referenced in function "private: void __thiscall Game::checkMouseState(void)" (?checkMouseState@Game@@AAEXXZ)
Game.obj : error LNK2019: unresolved external symbol "__declspec(dllimport) public: class sf::Time __thiscall sf::Clock::restart(void)" (__imp_?restart@Clock@sf@@QAE?AVTime@2@XZ) referenced in function "public: void __thiscall Game::run(void)" (?run@Game@@QAEXXZ)
Game.obj : error LNK2019: unresolved external symbol "__declspec(dllimport) public: __thiscall sf::Clock::Clock(void)" (__imp_??0Clock@sf@@QAE@XZ) referenced in function "public: void __thiscall Game::run(void)" (?run@Game@@QAEXXZ)
Game.obj : error LNK2019: unresolved external symbol "__declspec(dllimport) public: void __thiscall sf::Window::display(void)" (__imp_?display@Window@sf@@QAEXXZ) referenced in function "private: void __thiscall Game::render(void)" (?render@Game@@AAEXXZ)
Game.obj : error LNK2019: unresolved external symbol "__declspec(dllimport) public: __thiscall sf::RenderWindow::RenderWindow(class sf::VideoMode,class sf::String const &,unsigned int,enum sf::State,struct sf::ContextSettings const &)" (__imp_??0RenderWindow@sf@@QAE@VVideoMode@1@ABVString@1@IW4State@1@ABUContextSettings@1@@Z) referenced in function "public: __thiscall Game::Game(void)" (??0Game@@QAE@XZ)
Game.obj : error LNK2019: unresolved external symbol "__declspec(dllimport) public: virtual __thiscall sf::RenderWindow::~RenderWindow(void)" (__imp_??1RenderWindow@sf@@UAE@XZ) referenced in function __unwindfunclet$??0Game@@QAE@XZ$2
Game.obj : error LNK2019: unresolved external symbol "__declspec(dllimport) public: __thiscall sf::Sprite::Sprite(class sf::Texture const &)" (__imp_??0Sprite@sf@@QAE@ABVTexture@1@@Z) referenced in function "public: __thiscall Game::Game(void)" (??0Game@@QAE@XZ)
Game.obj : error LNK2019: unresolved external symbol "__declspec(dllimport) public: void __thiscall sf::Sprite::setTexture(class sf::Texture const &,bool)" (__imp_?setTexture@Sprite@sf@@QAEXABVTexture@2@_N@Z) referenced in function "private: void __thiscall Game::setupSprites(void)" (?setupSprites@Game@@AAEXXZ)
Game.obj : error LNK2019: unresolved external symbol "__declspec(dllimport) public: class sf::Rect<float> __thiscall sf::Sprite::getGlobalBounds(void)const " (__imp_?getGlobalBounds@Sprite@sf@@QBE?AV?$Rect@M@2@XZ) referenced in function "private: void __thiscall Game::checkMouseState(void)" (?checkMouseState@Game@@AAEXXZ)
Game.obj : error LNK2019: unresolved external symbol "__declspec(dllimport) public: virtual __thiscall sf::Sprite::~Sprite(void)" (__imp_??1Sprite@sf@@UAE@XZ) referenced in function __unwindfunclet$??0Game@@QAE@XZ$8
Game.obj : error LNK2019: unresolved external symbol "__declspec(dllimport) public: __thiscall sf::Text::Text(class sf::Font const &,class sf::String,unsigned int)" (__imp_??0Text@sf@@QAE@ABVFont@1@VString@1@I@Z) referenced in function "public: __thiscall Game::Game(void)" (??0Game@@QAE@XZ)
Game.obj : error LNK2019: unresolved external symbol "__declspec(dllimport) public: void __thiscall sf::Text::setString(class sf::String const &)" (__imp_?setString@Text@sf@@QAEXABVString@2@@Z) referenced in function "private: void __thiscall Game::setupTexts(void)" (?setupTexts@Game@@AAEXXZ)
Game.obj : error LNK2019: unresolved external symbol "__declspec(dllimport) public: void __thiscall sf::Text::setFont(class sf::Font const &)" (__imp_?setFont@Text@sf@@QAEXABVFont@2@@Z) referenced in function "private: void __thiscall Game::setupTexts(void)" (?setupTexts@Game@@AAEXXZ)
Game.obj : error LNK2019: unresolved external symbol "__declspec(dllimport) public: void __thiscall sf::Text::setCharacterSize(unsigned int)" (__imp_?setCharacterSize@Text@sf@@QAEXI@Z) referenced in function "private: void __thiscall Game::setupTexts(void)" (?setupTexts@Game@@AAEXXZ)
Game.obj : error LNK2019: unresolved external symbol "__declspec(dllimport) public: void __thiscall sf::Text::setFillColor(class sf::Color)" (__imp_?setFillColor@Text@sf@@QAEXVColor@2@@Z) referenced in function "private: void __thiscall Game::setupTexts(void)" (?setupTexts@Game@@AAEXXZ)
Game.obj : error LNK2019: unresolved external symbol "__declspec(dllimport) public: void __thiscall sf::Text::setOutlineColor(class sf::Color)" (__imp_?setOutlineColor@Text@sf@@QAEXVColor@2@@Z) referenced in function "private: void __thiscall Game::setupTexts(void)" (?setupTexts@Game@@AAEXXZ)
Game.obj : error LNK2019: unresolved external symbol "__declspec(dllimport) public: void __thiscall sf::Text::setOutlineThickness(float)" (__imp_?setOutlineThickness@Text@sf@@QAEXM@Z) referenced in function "private: void __thiscall Game::setupTexts(void)" (?setupTexts@Game@@AAEXXZ)
Game.obj : error LNK2019: unresolved external symbol "__declspec(dllimport) public: virtual __thiscall sf::Text::~Text(void)" (__imp_??1Text@sf@@UAE@XZ) referenced in function __unwindfunclet$??0Game@@QAE@XZ$6
Game.obj : error LNK2019: unresolved external symbol "__declspec(dllimport) public: __thiscall sf::Sound::Sound(class sf::SoundBuffer const &)" (__imp_??0Sound@sf@@QAE@ABVSoundBuffer@1@@Z) referenced in function "public: __thiscall Game::Game(void)" (??0Game@@QAE@XZ)
Game.obj : error LNK2019: unresolved external symbol "__declspec(dllimport) public: virtual __thiscall sf::Sound::~Sound(void)" (__imp_??1Sound@sf@@UAE@XZ) referenced in function __unwindfunclet$??0Game@@QAE@XZ$10
Game.obj : error LNK2019: unresolved external symbol "__declspec(dllimport) public: __thiscall sf::SoundBuffer::SoundBuffer(void)" (__imp_??0SoundBuffer@sf@@QAE@XZ) referenced in function "public: __thiscall Game::Game(void)" (??0Game@@QAE@XZ)
Game.obj : error LNK2019: unresolved external symbol "__declspec(dllimport) public: __thiscall sf::SoundBuffer::~SoundBuffer(void)" (__imp_??1SoundBuffer@sf@@QAE@XZ) referenced in function __unwindfunclet$??0Game@@QAE@XZ$9
Game.obj : error LNK2019: unresolved external symbol "__declspec(dllimport) public: bool __thiscall sf::SoundBuffer::loadFromFile(class std::filesystem::path const &)" (__imp_?loadFromFile@SoundBuffer@sf@@QAE_NABVpath@filesystem@std@@@Z) referenced in function "private: void __thiscall Game::setupAudio(void)" (?setupAudio@Game@@AAEXXZ)
Game.obj : error LNK2019: unresolved external symbol "__declspec(dllimport) public: static struct sf::RenderStates const sf::RenderStates::Default" (__imp_?Default@RenderStates@sf@@2U12@B) referenced in function "private: void __thiscall Game::render(void)" (?render@Game@@AAEXXZ)
C:\SFML-3.1.0\lib\sfml-graphics.lib : warning LNK4272: library machine type 'x64' conflicts with target machine type 'x86'
C:\SFML-3.1.0\lib\sfml-window.lib : warning LNK4272: library machine type 'x64' conflicts with target machine type 'x86'
C:\SFML-3.1.0\lib\sfml-system.lib : warning LNK4272: library machine type 'x64' conflicts with target machine type 'x86'
C:\SFML-3.1.0\lib\sfml-graphics-d.lib : warning LNK4272: library machine type 'x64' conflicts with target machine type 'x86'
C:\SFML-3.1.0\lib\sfml-audio-d.lib : warning LNK4272: library machine type 'x64' conflicts with target machine type 'x86'
C:\SFML-3.1.0\lib\sfml-system-d.lib : warning LNK4272: library machine type 'x64' conflicts with target machine type 'x86'
C:\SFML-3.1.0\lib\sfml-window-d.lib : warning LNK4272: library machine type 'x64' conflicts with target machine type 'x86'
C:\SFML-3.1.0\lib\sfml-network-d.lib : warning LNK4272: library machine type 'x64' conflicts with target machine type 'x86'
C:\Users\gameuser\Desktop\AI For Games\Lab01\Lab01\Debug\Lab01.exe : fatal error LNK1120: 40 unresolved externals
