  Game.cpp
C:\Users\Cosmo\OneDrive\Desktop\College\Year 4\ai-engineering\Lab01\Lab01\Player.h(24,6): error C2039: 'Angle': is not a member of 'sf'
  (compiling source file 'Game.cpp')
      C:\SFML-2.6.1\include\SFML\Audio\SoundFileWriter.hpp(35,11):
      see declaration of 'sf'
  
C:\Users\Cosmo\OneDrive\Desktop\College\Year 4\ai-engineering\Lab01\Lab01\Player.h(24,12): error C3646: 'rotation': unknown override specifier
  (compiling source file 'Game.cpp')
  
C:\Users\Cosmo\OneDrive\Desktop\College\Year 4\ai-engineering\Lab01\Lab01\Player.h(24,6): error C4430: missing type specifier - int assumed. Note: C++ does not support default-int
  (compiling source file 'Game.cpp')
  
C:\Users\Cosmo\OneDrive\Desktop\College\Year 4\ai-engineering\Lab01\Lab01\Game.h(36,34): error C2061: syntax error: identifier 'KeyPressed'
  (compiling source file 'Game.cpp')
  
C:\Users\Cosmo\OneDrive\Desktop\College\Year 4\ai-engineering\Lab01\Lab01\Game.h(37,36): error C2061: syntax error: identifier 'MouseButtonPressed'
  (compiling source file 'Game.cpp')
  
C:\Users\Cosmo\OneDrive\Desktop\College\Year 4\ai-engineering\Lab01\Lab01\Game.cpp(21,25): error C2440: '<function-style-cast>': cannot convert from 'initializer list' to 'sf::VideoMode'
      C:\Users\Cosmo\OneDrive\Desktop\College\Year 4\ai-engineering\Lab01\Lab01\Game.cpp(21,25):
      'sf::VideoMode::VideoMode': no overloaded function could convert all the argument types
          C:\SFML-2.6.1\include\SFML\Window\VideoMode.hpp(61,5):
          could be 'sf::VideoMode::VideoMode(unsigned int,unsigned int,unsigned int)'
              C:\Users\Cosmo\OneDrive\Desktop\College\Year 4\ai-engineering\Lab01\Lab01\Game.cpp(21,25):
              'sf::VideoMode::VideoMode(unsigned int,unsigned int,unsigned int)': cannot convert argument 1 from 'sf::Vector2u' to 'unsigned int'
                  C:\Users\Cosmo\OneDrive\Desktop\College\Year 4\ai-engineering\Lab01\Lab01\Game.cpp(21,39):
                  No user-defined-conversion operator available that can perform this conversion, or the operator cannot be called
          C:\Users\Cosmo\OneDrive\Desktop\College\Year 4\ai-engineering\Lab01\Lab01\Game.cpp(21,25):
          while trying to match the argument list '(sf::Vector2u, unsigned int)'
  
C:\Users\Cosmo\OneDrive\Desktop\College\Year 4\ai-engineering\Lab01\Lab01\Game.cpp(21,10): error C2665: 'sf::RenderWindow::RenderWindow': no overloaded function could convert all the argument types
      C:\SFML-2.6.1\include\SFML\Graphics\RenderWindow.hpp(198,1):
      could be 'sf::RenderWindow::RenderWindow(const sf::RenderWindow &)'
          C:\Users\Cosmo\OneDrive\Desktop\College\Year 4\ai-engineering\Lab01\Lab01\Game.cpp(21,10):
          'sf::RenderWindow::RenderWindow(const sf::RenderWindow &)': cannot convert argument 1 from 'const char [14]' to 'const sf::RenderWindow &'
              C:\Users\Cosmo\OneDrive\Desktop\College\Year 4\ai-engineering\Lab01\Lab01\Game.cpp(21,61):
              Reason: cannot convert from 'const char [14]' to 'const sf::RenderWindow'
      C:\SFML-2.6.1\include\SFML\Graphics\RenderWindow.hpp(94,5):
      or       'sf::RenderWindow::RenderWindow(sf::WindowHandle,const sf::ContextSettings &)'
          C:\Users\Cosmo\OneDrive\Desktop\College\Year 4\ai-engineering\Lab01\Lab01\Game.cpp(21,10):
          'sf::RenderWindow::RenderWindow(sf::WindowHandle,const sf::ContextSettings &)': cannot convert argument 1 from 'const char [14]' to 'sf::WindowHandle'
              C:\Users\Cosmo\OneDrive\Desktop\College\Year 4\ai-engineering\Lab01\Lab01\Game.cpp(21,61):
              Types pointed to are unrelated; conversion requires reinterpret_cast, C-style cast or parenthesized function-style cast
      C:\Users\Cosmo\OneDrive\Desktop\College\Year 4\ai-engineering\Lab01\Lab01\Game.cpp(21,10):
      while trying to match the argument list '(const char [14])'
  
C:\Users\Cosmo\OneDrive\Desktop\College\Year 4\ai-engineering\Lab01\Lab01\Game.cpp(71,15): error C2039: 'optional': is not a member of 'std'
      C:\Program Files\Microsoft Visual Studio\18\Community\VC\Tools\MSVC\14.51.36231\include\iostream(19,1):
      see declaration of 'std'
  
C:\Users\Cosmo\OneDrive\Desktop\College\Year 4\ai-engineering\Lab01\Lab01\Game.cpp(71,15): error C2065: 'optional': undeclared identifier
C:\Users\Cosmo\OneDrive\Desktop\College\Year 4\ai-engineering\Lab01\Lab01\Game.cpp(71,24): error C2146: syntax error: missing ')' before identifier 'newEvent'
C:\Users\Cosmo\OneDrive\Desktop\College\Year 4\ai-engineering\Lab01\Lab01\Game.cpp(71,24): error C2065: 'newEvent': undeclared identifier
C:\Users\Cosmo\OneDrive\Desktop\College\Year 4\ai-engineering\Lab01\Lab01\Game.cpp(71,44): error C2660: 'sf::WindowBase::pollEvent': function does not take 0 arguments
      C:\SFML-2.6.1\include\SFML\Window\WindowBase.hpp(170,10):
      see declaration of 'sf::WindowBase::pollEvent'
      C:\Users\Cosmo\OneDrive\Desktop\College\Year 4\ai-engineering\Lab01\Lab01\Game.cpp(71,44):
      while trying to match the argument list '()'
  
C:\Users\Cosmo\OneDrive\Desktop\College\Year 4\ai-engineering\Lab01\Lab01\Game.cpp(71,55): error C2059: syntax error: ')'
C:\Users\Cosmo\OneDrive\Desktop\College\Year 4\ai-engineering\Lab01\Lab01\Game.cpp(73,3): error C2059: syntax error: 'if'
C:\Users\Cosmo\OneDrive\Desktop\College\Year 4\ai-engineering\Lab01\Lab01\Game.cpp(74,3): error C2143: syntax error: missing ';' before '{'
C:\Users\Cosmo\OneDrive\Desktop\College\Year 4\ai-engineering\Lab01\Lab01\Game.cpp(77,7): error C2065: 'newEvent': undeclared identifier
C:\Users\Cosmo\OneDrive\Desktop\College\Year 4\ai-engineering\Lab01\Lab01\Game.cpp(77,43): error C2059: syntax error: ')'
C:\Users\Cosmo\OneDrive\Desktop\College\Year 4\ai-engineering\Lab01\Lab01\Game.cpp(78,3): error C2143: syntax error: missing ';' before '{'
C:\Users\Cosmo\OneDrive\Desktop\College\Year 4\ai-engineering\Lab01\Lab01\Game.cpp(79,26): error C2146: syntax error: missing ';' before identifier 'newKeypress'
C:\Users\Cosmo\OneDrive\Desktop\College\Year 4\ai-engineering\Lab01\Lab01\Game.cpp(79,26): error C2065: 'newKeypress': undeclared identifier
C:\Users\Cosmo\OneDrive\Desktop\College\Year 4\ai-engineering\Lab01\Lab01\Game.cpp(80,4): error C2065: 'newKeypress': undeclared identifier
C:\Users\Cosmo\OneDrive\Desktop\College\Year 4\ai-engineering\Lab01\Lab01\Game.cpp(80,19): error C2065: 'newEvent': undeclared identifier
C:\Users\Cosmo\OneDrive\Desktop\College\Year 4\ai-engineering\Lab01\Lab01\Game.cpp(80,58): error C2059: syntax error: ')'
C:\Users\Cosmo\OneDrive\Desktop\College\Year 4\ai-engineering\Lab01\Lab01\Game.cpp(81,20): error C2065: 'newKeypress': undeclared identifier
C:\Users\Cosmo\OneDrive\Desktop\College\Year 4\ai-engineering\Lab01\Lab01\Game.cpp(83,7): error C2065: 'newEvent': undeclared identifier
C:\Users\Cosmo\OneDrive\Desktop\College\Year 4\ai-engineering\Lab01\Lab01\Game.cpp(83,53): error C2059: syntax error: ')'
C:\Users\Cosmo\OneDrive\Desktop\College\Year 4\ai-engineering\Lab01\Lab01\Game.cpp(84,3): error C2143: syntax error: missing ';' before '{'
C:\Users\Cosmo\OneDrive\Desktop\College\Year 4\ai-engineering\Lab01\Lab01\Game.cpp(85,34): error C2146: syntax error: missing ';' before identifier 'newMousePress'
C:\Users\Cosmo\OneDrive\Desktop\College\Year 4\ai-engineering\Lab01\Lab01\Game.cpp(85,34): error C2065: 'newMousePress': undeclared identifier
C:\Users\Cosmo\OneDrive\Desktop\College\Year 4\ai-engineering\Lab01\Lab01\Game.cpp(86,4): error C2065: 'newMousePress': undeclared identifier
C:\Users\Cosmo\OneDrive\Desktop\College\Year 4\ai-engineering\Lab01\Lab01\Game.cpp(86,21): error C2065: 'newEvent': undeclared identifier
C:\Users\Cosmo\OneDrive\Desktop\College\Year 4\ai-engineering\Lab01\Lab01\Game.cpp(86,68): error C2059: syntax error: ')'
C:\Users\Cosmo\OneDrive\Desktop\College\Year 4\ai-engineering\Lab01\Lab01\Game.cpp(87,22): error C2065: 'newMousePress': undeclared identifier
C:\Users\Cosmo\OneDrive\Desktop\College\Year 4\ai-engineering\Lab01\Lab01\Game.cpp(96,1): error C2059: syntax error: '}'
C:\Users\Cosmo\OneDrive\Desktop\College\Year 4\ai-engineering\Lab01\Lab01\Game.cpp(96,1): error C2143: syntax error: missing ';' before '}'
C:\Users\Cosmo\OneDrive\Desktop\College\Year 4\ai-engineering\Lab01\Lab01\Game.cpp(104,1): error C2143: syntax error: missing ';' before '{'
C:\Users\Cosmo\OneDrive\Desktop\College\Year 4\ai-engineering\Lab01\Lab01\Game.cpp(104,1): error C2447: '{': missing function header (old-style formal list?)
C:\Users\Cosmo\OneDrive\Desktop\College\Year 4\ai-engineering\Lab01\Lab01\Game.cpp(115,60): error C2146: syntax error: missing ')' before identifier 't_mousePress'
C:\Users\Cosmo\OneDrive\Desktop\College\Year 4\ai-engineering\Lab01\Lab01\Game.cpp(116,1): error C2143: syntax error: missing ';' before '{'
C:\Users\Cosmo\OneDrive\Desktop\College\Year 4\ai-engineering\Lab01\Lab01\Game.cpp(116,1): error C2447: '{': missing function header (old-style formal list?)
  main.cpp
C:\Users\Cosmo\OneDrive\Desktop\College\Year 4\ai-engineering\Lab01\Lab01\Player.h(24,6): error C2039: 'Angle': is not a member of 'sf'
  (compiling source file 'main.cpp')
      C:\SFML-2.6.1\include\SFML\Audio\SoundFileWriter.hpp(35,11):
      see declaration of 'sf'
  
C:\Users\Cosmo\OneDrive\Desktop\College\Year 4\ai-engineering\Lab01\Lab01\Player.h(24,12): error C3646: 'rotation': unknown override specifier
  (compiling source file 'main.cpp')
  
C:\Users\Cosmo\OneDrive\Desktop\College\Year 4\ai-engineering\Lab01\Lab01\Player.h(24,6): error C4430: missing type specifier - int assumed. Note: C++ does not support default-int
  (compiling source file 'main.cpp')
  
C:\Users\Cosmo\OneDrive\Desktop\College\Year 4\ai-engineering\Lab01\Lab01\Game.h(36,34): error C2061: syntax error: identifier 'KeyPressed'
  (compiling source file 'main.cpp')
  
C:\Users\Cosmo\OneDrive\Desktop\College\Year 4\ai-engineering\Lab01\Lab01\Game.h(37,36): error C2061: syntax error: identifier 'MouseButtonPressed'
  (compiling source file 'main.cpp')
  
C:\Users\Cosmo\OneDrive\Desktop\College\Year 4\ai-engineering\Lab01\Lab01\main.cpp(35,12): warning C4244: 'argument': conversion from 'time_t' to 'unsigned int', possible loss of data
  Player.cpp
C:\Users\Cosmo\OneDrive\Desktop\College\Year 4\ai-engineering\Lab01\Lab01\Player.h(24,6): error C2039: 'Angle': is not a member of 'sf'
  (compiling source file 'Player.cpp')
      C:\SFML-2.6.1\include\SFML\Graphics\VertexBuffer.hpp(37,11):
      see declaration of 'sf'
  
C:\Users\Cosmo\OneDrive\Desktop\College\Year 4\ai-engineering\Lab01\Lab01\Player.h(24,12): error C3646: 'rotation': unknown override specifier
  (compiling source file 'Player.cpp')
  
C:\Users\Cosmo\OneDrive\Desktop\College\Year 4\ai-engineering\Lab01\Lab01\Player.h(24,6): error C4430: missing type specifier - int assumed. Note: C++ does not support default-int
  (compiling source file 'Player.cpp')
  
C:\Users\Cosmo\OneDrive\Desktop\College\Year 4\ai-engineering\Lab01\Lab01\Player.cpp(12,21): warning C4244: '=': conversion from 'int' to 'float', possible loss of data
C:\Users\Cosmo\OneDrive\Desktop\College\Year 4\ai-engineering\Lab01\Lab01\Player.cpp(13,2): error C2065: 'rotation': undeclared identifier
C:\Users\Cosmo\OneDrive\Desktop\College\Year 4\ai-engineering\Lab01\Lab01\Player.cpp(13,17): error C2039: 'degrees': is not a member of 'sf'
      C:\SFML-2.6.1\include\SFML\Graphics\VertexBuffer.hpp(37,11):
      see declaration of 'sf'
  
C:\Users\Cosmo\OneDrive\Desktop\College\Year 4\ai-engineering\Lab01\Lab01\Player.cpp(13,17): error C3861: 'degrees': identifier not found
C:\Users\Cosmo\OneDrive\Desktop\College\Year 4\ai-engineering\Lab01\Lab01\Player.cpp(25,20): error C2065: 'rotation': undeclared identifier
  Generating Code...
